NULL for the per-node statistic (range of 3 standard normals)
  closed form E[range] = 3/√π = 1.6926   Monte Carlo = 1.6913
  P(range > 3σ) under the null = 8.5%  ← what fraction of nodes "look significant" with no signal at all
  population decoding chance = 0.333

32000 trials, seed 1, checkpoints 250, 500, 1000, 2000, 4000, 8000, 16000, 32000

  M1      @   250 trials: acc 0.190  hop2 σ 1.84  hop2 decode 0.367  edges 6046  persist n/a
  M1      @   500 trials: acc 0.170  hop2 σ 1.72  hop2 decode 0.400  edges 5945  persist 5%
  M1      @  1000 trials: acc 0.195  hop2 σ 1.82  hop2 decode 0.356  edges 4797  persist 5%
  M1      @  2000 trials: acc 0.205  hop2 σ 1.77  hop2 decode 0.356  edges 6406  persist 6%
  M1      @  4000 trials: acc 0.200  hop2 σ 1.73  hop2 decode 0.400  edges 5211  persist 5%
  M1      @  8000 trials: acc 0.170  hop2 σ 1.66  hop2 decode 0.322  edges 5593  persist 5%
  M1      @ 16000 trials: acc 0.185  hop2 σ 1.80  hop2 decode 0.356  edges 4756  persist 5%
  M1      @ 32000 trials: acc 0.230  hop2 σ 1.75  hop2 decode 0.372  edges 5414  persist 5%
  shallow @   250 trials: acc 0.300  hop2 σ 1.95  hop2 decode 0.439  edges 6701  persist n/a
  shallow @   500 trials: acc 0.470  hop2 σ 1.85  hop2 decode 0.450  edges 7208  persist 9%
  shallow @  1000 trials: acc 0.590  hop2 σ 2.08  hop2 decode 0.650  edges 8513  persist 8%
  shallow @  2000 trials: acc 0.890  hop2 σ 1.76  hop2 decode 0.361  edges 6280  persist 6%
  shallow @  4000 trials: acc 0.795  hop2 σ 1.86  hop2 decode 0.517  edges 7865  persist 7%
  shallow @  8000 trials: acc 0.800  hop2 σ 2.05  hop2 decode 0.478  edges 7083  persist 7%
  shallow @ 16000 trials: acc 0.850  hop2 σ 1.82  hop2 decode 0.361  edges 7748  persist 7%
  shallow @ 32000 trials: acc 0.905  hop2 σ 1.83  hop2 decode 0.394  edges 6897  persist 6%

══ trajectories ═══════════════════════════════════════════════

M1
  trials |  acc  | hop1 σ | hop2 σ | hop2 decode | hop3 decode | edges | persist
  -------|-------|--------|--------|-------------|-------------|-------|--------
     250 | 0.190 |  7.66  |  1.84  |    0.367    |    0.339    |  6046 |  n/a
     500 | 0.170 |  7.42  |  1.72  |    0.400    |    0.294    |  5945 |  5%
    1000 | 0.195 |  6.10  |  1.82  |    0.356    |    0.339    |  4797 |  5%
    2000 | 0.205 |  9.01  |  1.77  |    0.356    |    0.367    |  6406 |  6%
    4000 | 0.200 |  7.10  |  1.73  |    0.400    |    0.317    |  5211 |  5%
    8000 | 0.170 |  6.16  |  1.66  |    0.322    |    0.272    |  5593 |  5%
   16000 | 0.185 |  6.74  |  1.80  |    0.356    |    0.367    |  4756 |  5%
   32000 | 0.230 |  8.51  |  1.75  |    0.372    |    0.367    |  5414 |  5%

shallow
  trials |  acc  | hop1 σ | hop2 σ | hop2 decode | hop3 decode | edges | persist
  -------|-------|--------|--------|-------------|-------------|-------|--------
     250 | 0.300 |  9.01  |  1.95  |    0.439    |    0.383    |  6701 |  n/a
     500 | 0.470 |  9.61  |  1.85  |    0.450    |    0.283    |  7208 |  9%
    1000 | 0.590 |  9.40  |  2.08  |    0.650    |    0.467    |  8513 |  8%
    2000 | 0.890 |  6.79  |  1.76  |    0.361    |    0.328    |  6280 |  6%
    4000 | 0.795 |  9.47  |  1.86  |    0.517    |    0.411    |  7865 |  7%
    8000 | 0.800 |  9.18  |  2.05  |    0.478    |    0.439    |  7083 |  7%
   16000 | 0.850 |  7.86  |  1.82  |    0.361    |    0.311    |  7748 |  7%
   32000 | 0.905 |  7.79  |  1.83  |    0.394    |    0.356    |  6897 |  6%

══ is anything moving? ════════════════════════════════════════
M1       accuracy +0.040   hop2 σ -0.086   hop2 decode +0.006   over 250 → 32000 trials
shallow  accuracy +0.605   hop2 σ -0.122   hop2 decode -0.044   over 250 → 32000 trials
